// Jest Snapshot v1, https://goo.gl/fbAQLP

exports[`Testing RankList Component... should render correctly 1`] = `
ShallowWrapper {
  Symbol(enzyme.__root__): [Circular],
  Symbol(enzyme.__unrendered__): <RankList
    players={Array []}
  />,
  Symbol(enzyme.__renderer__): Object {
    "batchedUpdates": [Function],
    "checkPropTypes": [Function],
    "getNode": [Function],
    "render": [Function],
    "simulateError": [Function],
    "simulateEvent": [Function],
    "unmount": [Function],
  },
  Symbol(enzyme.__node__): Object {
    "instance": null,
    "key": undefined,
    "nodeType": "host",
    "props": Object {
      "children": Array [
        <PageHeader
          title="Rank"
        />,
        <div
          className="rank-list__message my-5"
        >
          <h2>
            Ninguém jogou ainda.
          </h2>
          <h3>
            Seja o primeiro!
          </h3>
        </div>,
      ],
      "className": "container my-5",
      "id": "rank-list",
    },
    "ref": null,
    "rendered": Array [
      Object {
        "instance": null,
        "key": undefined,
        "nodeType": "function",
        "props": Object {
          "title": "Rank",
        },
        "ref": null,
        "rendered": null,
        "type": [Function],
      },
      Object {
        "instance": null,
        "key": undefined,
        "nodeType": "host",
        "props": Object {
          "children": Array [
            <h2>
              Ninguém jogou ainda.
            </h2>,
            <h3>
              Seja o primeiro!
            </h3>,
          ],
          "className": "rank-list__message my-5",
        },
        "ref": null,
        "rendered": Array [
          Object {
            "instance": null,
            "key": undefined,
            "nodeType": "host",
            "props": Object {
              "children": "Ninguém jogou ainda.",
            },
            "ref": null,
            "rendered": "Ninguém jogou ainda.",
            "type": "h2",
          },
          Object {
            "instance": null,
            "key": undefined,
            "nodeType": "host",
            "props": Object {
              "children": "Seja o primeiro!",
            },
            "ref": null,
            "rendered": "Seja o primeiro!",
            "type": "h3",
          },
        ],
        "type": "div",
      },
    ],
    "type": "section",
  },
  Symbol(enzyme.__nodes__): Array [
    Object {
      "instance": null,
      "key": undefined,
      "nodeType": "host",
      "props": Object {
        "children": Array [
          <PageHeader
            title="Rank"
          />,
          <div
            className="rank-list__message my-5"
          >
            <h2>
              Ninguém jogou ainda.
            </h2>
            <h3>
              Seja o primeiro!
            </h3>
          </div>,
        ],
        "className": "container my-5",
        "id": "rank-list",
      },
      "ref": null,
      "rendered": Array [
        Object {
          "instance": null,
          "key": undefined,
          "nodeType": "function",
          "props": Object {
            "title": "Rank",
          },
          "ref": null,
          "rendered": null,
          "type": [Function],
        },
        Object {
          "instance": null,
          "key": undefined,
          "nodeType": "host",
          "props": Object {
            "children": Array [
              <h2>
                Ninguém jogou ainda.
              </h2>,
              <h3>
                Seja o primeiro!
              </h3>,
            ],
            "className": "rank-list__message my-5",
          },
          "ref": null,
          "rendered": Array [
            Object {
              "instance": null,
              "key": undefined,
              "nodeType": "host",
              "props": Object {
                "children": "Ninguém jogou ainda.",
              },
              "ref": null,
              "rendered": "Ninguém jogou ainda.",
              "type": "h2",
            },
            Object {
              "instance": null,
              "key": undefined,
              "nodeType": "host",
              "props": Object {
                "children": "Seja o primeiro!",
              },
              "ref": null,
              "rendered": "Seja o primeiro!",
              "type": "h3",
            },
          ],
          "type": "div",
        },
      ],
      "type": "section",
    },
  ],
  Symbol(enzyme.__options__): Object {
    "adapter": ReactSixteenAdapter {
      "options": Object {
        "enableComponentDidUpdateOnSetState": true,
        "legacyContextMode": "parent",
        "lifecycles": Object {
          "componentDidUpdate": Object {
            "onSetState": true,
          },
          "getChildContext": Object {
            "calledByRenderer": false,
          },
          "getDerivedStateFromProps": true,
          "getSnapshotBeforeUpdate": true,
          "setState": Object {
            "skipsComponentDidUpdateOnNullish": true,
          },
        },
      },
    },
  },
}
`;
