// Jest Snapshot v1, https://goo.gl/fbAQLP

exports[`Testing Home Component... should render correctly 1`] = `
ShallowWrapper {
  Symbol(enzyme.__root__): [Circular],
  Symbol(enzyme.__unrendered__): <Home />,
  Symbol(enzyme.__renderer__): Object {
    "batchedUpdates": [Function],
    "checkPropTypes": [Function],
    "getNode": [Function],
    "render": [Function],
    "simulateError": [Function],
    "simulateEvent": [Function],
    "unmount": [Function],
  },
  Symbol(enzyme.__node__): Object {
    "instance": null,
    "key": undefined,
    "nodeType": "host",
    "props": Object {
      "children": Array [
        <div
          className="row justify-content-center text-center"
        >
          <Logo />
          <header
            className="home__title col-12"
            id="home-title"
          >
            <h1>
              Bem-vindo ao Star Quizz App!
            </h1>
          </header>
          <section
            className="home__body col-12"
            id="home-body"
          >
            <h2>
              Prove seus conhecimentos sobre
               
              <span
                className="home--yellow-text"
              >
                Star Wars
              </span>
              .
            </h2>
            <h3>
              Para iniciar o desafio clique em
               
              <a
                className="home__play"
                href="#home-btn-play"
              >
                jogar
              </a>
              .
            </h3>
            <h3>
              Mas lembre-se: ao clicar em JOGAR não haverá mais volta!
              <br />
              Está seguro disso? Então vá em frente e nos mostre...
            </h3>
            <div
              className="row justify-content-center"
            >
              <button
                className="btn btn-outline-warning btn-lg m-3"
                id="home-btn-play"
                onClick={[Function]}
                title="Jogar"
                type="button"
              >
                Jogar
              </button>
            </div>
          </section>
        </div>,
        <Rules
          close={[Function]}
          show={false}
        />,
      ],
      "className": "home container my-3",
      "id": "home",
    },
    "ref": null,
    "rendered": Array [
      Object {
        "instance": null,
        "key": undefined,
        "nodeType": "host",
        "props": Object {
          "children": Array [
            <Logo />,
            <header
              className="home__title col-12"
              id="home-title"
            >
              <h1>
                Bem-vindo ao Star Quizz App!
              </h1>
            </header>,
            <section
              className="home__body col-12"
              id="home-body"
            >
              <h2>
                Prove seus conhecimentos sobre
                 
                <span
                  className="home--yellow-text"
                >
                  Star Wars
                </span>
                .
              </h2>
              <h3>
                Para iniciar o desafio clique em
                 
                <a
                  className="home__play"
                  href="#home-btn-play"
                >
                  jogar
                </a>
                .
              </h3>
              <h3>
                Mas lembre-se: ao clicar em JOGAR não haverá mais volta!
                <br />
                Está seguro disso? Então vá em frente e nos mostre...
              </h3>
              <div
                className="row justify-content-center"
              >
                <button
                  className="btn btn-outline-warning btn-lg m-3"
                  id="home-btn-play"
                  onClick={[Function]}
                  title="Jogar"
                  type="button"
                >
                  Jogar
                </button>
              </div>
            </section>,
          ],
          "className": "row justify-content-center text-center",
        },
        "ref": null,
        "rendered": Array [
          Object {
            "instance": null,
            "key": undefined,
            "nodeType": "function",
            "props": Object {},
            "ref": null,
            "rendered": null,
            "type": [Function],
          },
          Object {
            "instance": null,
            "key": undefined,
            "nodeType": "host",
            "props": Object {
              "children": <h1>
                Bem-vindo ao Star Quizz App!
              </h1>,
              "className": "home__title col-12",
              "id": "home-title",
            },
            "ref": null,
            "rendered": Object {
              "instance": null,
              "key": undefined,
              "nodeType": "host",
              "props": Object {
                "children": "Bem-vindo ao Star Quizz App!",
              },
              "ref": null,
              "rendered": "Bem-vindo ao Star Quizz App!",
              "type": "h1",
            },
            "type": "header",
          },
          Object {
            "instance": null,
            "key": undefined,
            "nodeType": "host",
            "props": Object {
              "children": Array [
                <h2>
                  Prove seus conhecimentos sobre
                   
                  <span
                    className="home--yellow-text"
                  >
                    Star Wars
                  </span>
                  .
                </h2>,
                <h3>
                  Para iniciar o desafio clique em
                   
                  <a
                    className="home__play"
                    href="#home-btn-play"
                  >
                    jogar
                  </a>
                  .
                </h3>,
                <h3>
                  Mas lembre-se: ao clicar em JOGAR não haverá mais volta!
                  <br />
                  Está seguro disso? Então vá em frente e nos mostre...
                </h3>,
                <div
                  className="row justify-content-center"
                >
                  <button
                    className="btn btn-outline-warning btn-lg m-3"
                    id="home-btn-play"
                    onClick={[Function]}
                    title="Jogar"
                    type="button"
                  >
                    Jogar
                  </button>
                </div>,
              ],
              "className": "home__body col-12",
              "id": "home-body",
            },
            "ref": null,
            "rendered": Array [
              Object {
                "instance": null,
                "key": undefined,
                "nodeType": "host",
                "props": Object {
                  "children": Array [
                    "Prove seus conhecimentos sobre",
                    " ",
                    <span
                      className="home--yellow-text"
                    >
                      Star Wars
                    </span>,
                    ".",
                  ],
                },
                "ref": null,
                "rendered": Array [
                  "Prove seus conhecimentos sobre",
                  " ",
                  Object {
                    "instance": null,
                    "key": undefined,
                    "nodeType": "host",
                    "props": Object {
                      "children": "Star Wars",
                      "className": "home--yellow-text",
                    },
                    "ref": null,
                    "rendered": "Star Wars",
                    "type": "span",
                  },
                  ".",
                ],
                "type": "h2",
              },
              Object {
                "instance": null,
                "key": undefined,
                "nodeType": "host",
                "props": Object {
                  "children": Array [
                    "Para iniciar o desafio clique em",
                    " ",
                    <a
                      className="home__play"
                      href="#home-btn-play"
                    >
                      jogar
                    </a>,
                    ".",
                  ],
                },
                "ref": null,
                "rendered": Array [
                  "Para iniciar o desafio clique em",
                  " ",
                  Object {
                    "instance": null,
                    "key": undefined,
                    "nodeType": "host",
                    "props": Object {
                      "children": "jogar",
                      "className": "home__play",
                      "href": "#home-btn-play",
                    },
                    "ref": null,
                    "rendered": "jogar",
                    "type": "a",
                  },
                  ".",
                ],
                "type": "h3",
              },
              Object {
                "instance": null,
                "key": undefined,
                "nodeType": "host",
                "props": Object {
                  "children": Array [
                    "Mas lembre-se: ao clicar em JOGAR não haverá mais volta!",
                    <br />,
                    "Está seguro disso? Então vá em frente e nos mostre...",
                  ],
                },
                "ref": null,
                "rendered": Array [
                  "Mas lembre-se: ao clicar em JOGAR não haverá mais volta!",
                  Object {
                    "instance": null,
                    "key": undefined,
                    "nodeType": "host",
                    "props": Object {},
                    "ref": null,
                    "rendered": null,
                    "type": "br",
                  },
                  "Está seguro disso? Então vá em frente e nos mostre...",
                ],
                "type": "h3",
              },
              Object {
                "instance": null,
                "key": undefined,
                "nodeType": "host",
                "props": Object {
                  "children": <button
                    className="btn btn-outline-warning btn-lg m-3"
                    id="home-btn-play"
                    onClick={[Function]}
                    title="Jogar"
                    type="button"
                  >
                    Jogar
                  </button>,
                  "className": "row justify-content-center",
                },
                "ref": null,
                "rendered": Object {
                  "instance": null,
                  "key": undefined,
                  "nodeType": "host",
                  "props": Object {
                    "children": "Jogar",
                    "className": "btn btn-outline-warning btn-lg m-3",
                    "id": "home-btn-play",
                    "onClick": [Function],
                    "title": "Jogar",
                    "type": "button",
                  },
                  "ref": null,
                  "rendered": "Jogar",
                  "type": "button",
                },
                "type": "div",
              },
            ],
            "type": "section",
          },
        ],
        "type": "div",
      },
      Object {
        "instance": null,
        "key": undefined,
        "nodeType": "function",
        "props": Object {
          "close": [Function],
          "show": false,
        },
        "ref": null,
        "rendered": null,
        "type": [Function],
      },
    ],
    "type": "section",
  },
  Symbol(enzyme.__nodes__): Array [
    Object {
      "instance": null,
      "key": undefined,
      "nodeType": "host",
      "props": Object {
        "children": Array [
          <div
            className="row justify-content-center text-center"
          >
            <Logo />
            <header
              className="home__title col-12"
              id="home-title"
            >
              <h1>
                Bem-vindo ao Star Quizz App!
              </h1>
            </header>
            <section
              className="home__body col-12"
              id="home-body"
            >
              <h2>
                Prove seus conhecimentos sobre
                 
                <span
                  className="home--yellow-text"
                >
                  Star Wars
                </span>
                .
              </h2>
              <h3>
                Para iniciar o desafio clique em
                 
                <a
                  className="home__play"
                  href="#home-btn-play"
                >
                  jogar
                </a>
                .
              </h3>
              <h3>
                Mas lembre-se: ao clicar em JOGAR não haverá mais volta!
                <br />
                Está seguro disso? Então vá em frente e nos mostre...
              </h3>
              <div
                className="row justify-content-center"
              >
                <button
                  className="btn btn-outline-warning btn-lg m-3"
                  id="home-btn-play"
                  onClick={[Function]}
                  title="Jogar"
                  type="button"
                >
                  Jogar
                </button>
              </div>
            </section>
          </div>,
          <Rules
            close={[Function]}
            show={false}
          />,
        ],
        "className": "home container my-3",
        "id": "home",
      },
      "ref": null,
      "rendered": Array [
        Object {
          "instance": null,
          "key": undefined,
          "nodeType": "host",
          "props": Object {
            "children": Array [
              <Logo />,
              <header
                className="home__title col-12"
                id="home-title"
              >
                <h1>
                  Bem-vindo ao Star Quizz App!
                </h1>
              </header>,
              <section
                className="home__body col-12"
                id="home-body"
              >
                <h2>
                  Prove seus conhecimentos sobre
                   
                  <span
                    className="home--yellow-text"
                  >
                    Star Wars
                  </span>
                  .
                </h2>
                <h3>
                  Para iniciar o desafio clique em
                   
                  <a
                    className="home__play"
                    href="#home-btn-play"
                  >
                    jogar
                  </a>
                  .
                </h3>
                <h3>
                  Mas lembre-se: ao clicar em JOGAR não haverá mais volta!
                  <br />
                  Está seguro disso? Então vá em frente e nos mostre...
                </h3>
                <div
                  className="row justify-content-center"
                >
                  <button
                    className="btn btn-outline-warning btn-lg m-3"
                    id="home-btn-play"
                    onClick={[Function]}
                    title="Jogar"
                    type="button"
                  >
                    Jogar
                  </button>
                </div>
              </section>,
            ],
            "className": "row justify-content-center text-center",
          },
          "ref": null,
          "rendered": Array [
            Object {
              "instance": null,
              "key": undefined,
              "nodeType": "function",
              "props": Object {},
              "ref": null,
              "rendered": null,
              "type": [Function],
            },
            Object {
              "instance": null,
              "key": undefined,
              "nodeType": "host",
              "props": Object {
                "children": <h1>
                  Bem-vindo ao Star Quizz App!
                </h1>,
                "className": "home__title col-12",
                "id": "home-title",
              },
              "ref": null,
              "rendered": Object {
                "instance": null,
                "key": undefined,
                "nodeType": "host",
                "props": Object {
                  "children": "Bem-vindo ao Star Quizz App!",
                },
                "ref": null,
                "rendered": "Bem-vindo ao Star Quizz App!",
                "type": "h1",
              },
              "type": "header",
            },
            Object {
              "instance": null,
              "key": undefined,
              "nodeType": "host",
              "props": Object {
                "children": Array [
                  <h2>
                    Prove seus conhecimentos sobre
                     
                    <span
                      className="home--yellow-text"
                    >
                      Star Wars
                    </span>
                    .
                  </h2>,
                  <h3>
                    Para iniciar o desafio clique em
                     
                    <a
                      className="home__play"
                      href="#home-btn-play"
                    >
                      jogar
                    </a>
                    .
                  </h3>,
                  <h3>
                    Mas lembre-se: ao clicar em JOGAR não haverá mais volta!
                    <br />
                    Está seguro disso? Então vá em frente e nos mostre...
                  </h3>,
                  <div
                    className="row justify-content-center"
                  >
                    <button
                      className="btn btn-outline-warning btn-lg m-3"
                      id="home-btn-play"
                      onClick={[Function]}
                      title="Jogar"
                      type="button"
                    >
                      Jogar
                    </button>
                  </div>,
                ],
                "className": "home__body col-12",
                "id": "home-body",
              },
              "ref": null,
              "rendered": Array [
                Object {
                  "instance": null,
                  "key": undefined,
                  "nodeType": "host",
                  "props": Object {
                    "children": Array [
                      "Prove seus conhecimentos sobre",
                      " ",
                      <span
                        className="home--yellow-text"
                      >
                        Star Wars
                      </span>,
                      ".",
                    ],
                  },
                  "ref": null,
                  "rendered": Array [
                    "Prove seus conhecimentos sobre",
                    " ",
                    Object {
                      "instance": null,
                      "key": undefined,
                      "nodeType": "host",
                      "props": Object {
                        "children": "Star Wars",
                        "className": "home--yellow-text",
                      },
                      "ref": null,
                      "rendered": "Star Wars",
                      "type": "span",
                    },
                    ".",
                  ],
                  "type": "h2",
                },
                Object {
                  "instance": null,
                  "key": undefined,
                  "nodeType": "host",
                  "props": Object {
                    "children": Array [
                      "Para iniciar o desafio clique em",
                      " ",
                      <a
                        className="home__play"
                        href="#home-btn-play"
                      >
                        jogar
                      </a>,
                      ".",
                    ],
                  },
                  "ref": null,
                  "rendered": Array [
                    "Para iniciar o desafio clique em",
                    " ",
                    Object {
                      "instance": null,
                      "key": undefined,
                      "nodeType": "host",
                      "props": Object {
                        "children": "jogar",
                        "className": "home__play",
                        "href": "#home-btn-play",
                      },
                      "ref": null,
                      "rendered": "jogar",
                      "type": "a",
                    },
                    ".",
                  ],
                  "type": "h3",
                },
                Object {
                  "instance": null,
                  "key": undefined,
                  "nodeType": "host",
                  "props": Object {
                    "children": Array [
                      "Mas lembre-se: ao clicar em JOGAR não haverá mais volta!",
                      <br />,
                      "Está seguro disso? Então vá em frente e nos mostre...",
                    ],
                  },
                  "ref": null,
                  "rendered": Array [
                    "Mas lembre-se: ao clicar em JOGAR não haverá mais volta!",
                    Object {
                      "instance": null,
                      "key": undefined,
                      "nodeType": "host",
                      "props": Object {},
                      "ref": null,
                      "rendered": null,
                      "type": "br",
                    },
                    "Está seguro disso? Então vá em frente e nos mostre...",
                  ],
                  "type": "h3",
                },
                Object {
                  "instance": null,
                  "key": undefined,
                  "nodeType": "host",
                  "props": Object {
                    "children": <button
                      className="btn btn-outline-warning btn-lg m-3"
                      id="home-btn-play"
                      onClick={[Function]}
                      title="Jogar"
                      type="button"
                    >
                      Jogar
                    </button>,
                    "className": "row justify-content-center",
                  },
                  "ref": null,
                  "rendered": Object {
                    "instance": null,
                    "key": undefined,
                    "nodeType": "host",
                    "props": Object {
                      "children": "Jogar",
                      "className": "btn btn-outline-warning btn-lg m-3",
                      "id": "home-btn-play",
                      "onClick": [Function],
                      "title": "Jogar",
                      "type": "button",
                    },
                    "ref": null,
                    "rendered": "Jogar",
                    "type": "button",
                  },
                  "type": "div",
                },
              ],
              "type": "section",
            },
          ],
          "type": "div",
        },
        Object {
          "instance": null,
          "key": undefined,
          "nodeType": "function",
          "props": Object {
            "close": [Function],
            "show": false,
          },
          "ref": null,
          "rendered": null,
          "type": [Function],
        },
      ],
      "type": "section",
    },
  ],
  Symbol(enzyme.__options__): Object {
    "adapter": ReactSixteenAdapter {
      "options": Object {
        "enableComponentDidUpdateOnSetState": true,
        "legacyContextMode": "parent",
        "lifecycles": Object {
          "componentDidUpdate": Object {
            "onSetState": true,
          },
          "getChildContext": Object {
            "calledByRenderer": false,
          },
          "getDerivedStateFromProps": true,
          "getSnapshotBeforeUpdate": true,
          "setState": Object {
            "skipsComponentDidUpdateOnNullish": true,
          },
        },
      },
    },
  },
}
`;
